before creation http://127.0.0.1:5198/#/packages/ops/pages/coach/index?view=create-product 新建课程产品
创建课程产品 仅管理员
课程名称
例如 成人进阶课包
适用人群
成人
青少年
不限
总课次
有效期（天）
售价（元）
添加备注（选填）
课程编码自动生成。退费规则：开课前全退，开课后按未消耗课次退款。
创建并上架
course 新建课程产品
课程产品已创建并写入审计记录。
创建课程产品 仅管理员
课程名称
例如 成人进阶课包
适用人群
成人
青少年
不限
总课次
有效期（天）
售价（元）
添加备注（选填）
课程编码自动生成。退费规则：开课前全退，开课后按未消耗课次退款。
创建并上架
attendance 课次详情
学员与点名 10 位学员
周三晚进阶班
09月22日 18:11 · 占场 2 小时
未开始
回归学员1
0/12 次 · EN202608001
待点名
到场
缺席
请假
回归学员2
0/12 次 · EN202608001
待点名
到场
缺席
请假
回归学员3
0/12 次 · EN202608001
待点名
到场
缺席
请假
回归学员4
0/12 次 · EN202608001
待点名
到场
缺席
请假
回归学员5
0/12 次 · EN202608001
待点名
到场
缺席
请假
回归学员6
0/12 次 · EN202608001
待点名
到场
缺席
请假
回归学员7
0/12 次 · EN202608001
待点名
到场
缺席
请假
回归学员8
0/12 次 · EN202608001
待点名
到场
缺席
请假
回归学员9
0/12 次 · EN202608001
待点名
到场
缺席
请假
回归学员10
0/12 次 · EN202608001
待点名
到场
缺席
请假
先完成点名和消课
saved 课次详情
学员与点名 10 位学员
周三晚进阶班
09月22日 18:11 · 占场 2 小时
未开始
确认消课 · 10人
已登记到场 10 人
回归学员1
0/12 次 · EN202608001
已到场
确认入账
回归学员2
0/12 次 · EN202608001
已到场
确认入账
回归学员3
0/12 次 · EN202608001
已到场
确认入账
回归学员4
0/12 次 · EN202608001
已到场
确认入账
回归学员5
0/12 次 · EN202608001
已到场
确认入账
回归学员6
0/12 次 · EN202608001
已到场
确认入账
回归学员7
0/12 次 · EN202608001
已到场
确认入账
回归学员8
0/12 次 · EN202608001
已到场
确认入账
回归学员9
0/12 次 · EN202608001
已到场
确认入账
回归学员10
0/12 次 · EN202608001
已到场
确认入账
先完成点名和消课
posted 课次详情
学员与点名 10 位学员
周三晚进阶班
09月22日 18:11 · 占场 2 小时
未开始
已确认扣课入账 10 人
回归学员1
1/12 次 · EN202608001
已到场
序1 消课 ¥106.67
撤销消课
回归学员2
1/12 次 · EN202608001
已到场
序1 消课 ¥106.67
撤销消课
回归学员3
1/12 次 · EN202608001
已到场
序1 消课 ¥106.67
撤销消课
回归学员4
1/12 次 · EN202608001
已到场
序1 消课 ¥106.67
撤销消课
回归学员5
1/12 次 · EN202608001
已到场
序1 消课 ¥106.67
撤销消课
回归学员6
1/12 次 · EN202608001
已到场
序1 消课 ¥106.67
撤销消课
回归学员7
1/12 次 · EN202608001
已到场
序1 消课 ¥106.67
撤销消课
回归学员8
1/12 次 · EN202608001
已到场
序1 消课 ¥106.67
撤销消课
回归学员9
1/12 次 · EN202608001
已到场
序1 消课 ¥106.67
撤销消课
回归学员10
1/12 次 · EN202608001
已到场
序1 消课 ¥106.67
撤销消课
结束本节课程
PASS course-create/edit, learner selection, 10 arrivals (11 taps), bulk confirmation (3 taps), 320px fixed footer; no page errors
